// Jest Snapshot v1, https://goo.gl/fbAQLP

exports[`matches snapshot 1`] = `
<DocumentFragment>
  <h1>
    Jobly
  </h1>
  <h3>
    All the jobs in one convenient place
  </h3>
  <h2>
    Welcome Back, Janet
  </h2>
</DocumentFragment>
`;
