// Jest Snapshot v1, https://goo.gl/fbAQLP

exports[`matches snapshot 1`] = `
<DocumentFragment>
  <div>
    <div>
      <nav
        class="navbar navbar-expand-lg navbar-light bg-light"
      >
        <div
          class="container"
        >
          <a
            class="navbar-brand"
            href="jobly"
          >
            Jobly
          </a>
          <a
            class="nav-link"
            href="/signup"
          >
            Signup
          </a>
          <a
            class="nav-link"
            href="/login"
          >
            Login
          </a>
        </div>
      </nav>
    </div>
    <h3 />
    <h1>
      Jobly
    </h1>
    <h3>
      All the jobs in one convenient place
    </h3>
    <p />
  </div>
</DocumentFragment>
`;
