// Jest Snapshot v1, https://goo.gl/fbAQLP

exports[`matches snapshot 1`] = `
<DocumentFragment>
  <form>
    <div
      class="MuiInputBase-root MuiInput-root MuiInput-underline"
      variant="Outlined"
    >
      <input
        class="MuiInputBase-input MuiInput-input"
        name="text"
        type="text"
        value=""
      />
    </div>
    <button
      class="MuiButtonBase-root MuiButton-root MuiButton-contained"
      id="searchButton"
      tabindex="0"
      type="submit"
    >
      <span
        class="MuiButton-label"
      >
        Search
        <span
          class="MuiButton-endIcon MuiButton-iconSizeMedium"
        >
          <svg
            aria-hidden="true"
            class="MuiSvgIcon-root MuiSvgIcon-fontSizeMedium css-i4bv87-MuiSvgIcon-root"
            data-testid="SearchIcon"
            focusable="false"
            viewBox="0 0 24 24"
          >
            <path
              d="M15.5 14h-.79l-.28-.27C15.41 12.59 16 11.11 16 9.5 16 5.91 13.09 3 9.5 3S3 5.91 3 9.5 5.91 16 9.5 16c1.61 0 3.09-.59 4.23-1.57l.27.28v.79l5 4.99L20.49 19l-4.99-5zm-6 0C7.01 14 5 11.99 5 9.5S7.01 5 9.5 5 14 7.01 14 9.5 11.99 14 9.5 14z"
            />
          </svg>
        </span>
      </span>
      <span
        class="MuiTouchRipple-root"
      />
    </button>
  </form>
  <button
    class="MuiButtonBase-root MuiButton-root MuiButton-contained MuiButton-containedPrimary"
    tabindex="0"
    type="button"
  >
    <span
      class="MuiButton-label"
    >
      Undo Search
    </span>
    <span
      class="MuiTouchRipple-root"
    />
  </button>
</DocumentFragment>
`;
