// Jest Snapshot v1, https://goo.gl/fbAQLP

exports[`matches snapshot 1`] = `
<DocumentFragment>
  <div>
    <h1>
      SignupForm
    </h1>
    <form>
      <div>
        <label
          for="username"
        >
          Username
        </label>
        <input
          id="username"
          name="username"
          placeholder="Username"
          type="text"
          value=""
        />
      </div>
      <div>
        <label
          for="password"
        >
          Password
        </label>
        <input
          id="password"
          name="password"
          placeholder="Password"
          type="text"
          value=""
        />
      </div>
      <div>
        <label
          for="firstName"
        >
          First Name
        </label>
        <input
          id="firstName"
          name="firstName"
          placeholder="First Name"
          type="text"
          value=""
        />
      </div>
      <div>
        <label
          for="lastName"
        >
          Last Name
        </label>
        <input
          id="lastName"
          name="lastName"
          placeholder="Last Name"
          type="text"
          value=""
        />
      </div>
      <div>
        <label
          for="email"
        >
          E-mail
        </label>
        <input
          id="email"
          name="email"
          placeholder="E-mail"
          type="text"
          value=""
        />
      </div>
      <button
        type="submit"
      >
        Sign-up
      </button>
    </form>
  </div>
</DocumentFragment>
`;
